// Jest Snapshot v1, https://goo.gl/fbAQLP

exports[`Should render ListCharities component 1`] = `
Array [
  <div
    className="Row__RowComponent-sc-6b1omn-0 lmGZdT"
  >
    <div
      className="Card__CardWrapper-sc-9nsasl-0 boSWwI"
      data={
        Object {
          "currency": "THB",
          "id": 1,
          "image": "baan-kru-noi.jpg",
          "name": "Baan Kru Noi",
          "totalAmount": 0,
        }
      }
    >
      <div
        className="Card__CardComponent-sc-9nsasl-1 clGIEO"
        data={
          Object {
            "currency": "THB",
            "id": 1,
            "image": "baan-kru-noi.jpg",
            "name": "Baan Kru Noi",
            "totalAmount": 0,
          }
        }
      >
        <div
          className="Image__ImageComponent-sc-1qzvlhi-0 gjDGbY"
          height={200}
        />
        <div
          className="Card__CardContent-sc-9nsasl-2 fjlMIc"
          data={
            Object {
              "currency": "THB",
              "id": 1,
              "image": "baan-kru-noi.jpg",
              "name": "Baan Kru Noi",
              "totalAmount": 0,
            }
          }
        >
          <div
            className="Row__RowComponent-sc-6b1omn-0 dPagVA"
          >
            <div
              className="Text__TextComponent-sc-1bxt3zu-0 bcXjgf"
            >
              Baan Kru Noi
            </div>
          </div>
        </div>
      </div>
    </div>
    <div
      className="Card__CardWrapper-sc-9nsasl-0 boSWwI"
      data={
        Object {
          "currency": "THB",
          "id": 2,
          "image": "habitat-for-humanity-thailand.jpg",
          "name": "Habitat for Humanity Thailand",
          "totalAmount": 0,
        }
      }
    >
      <div
        className="Card__CardComponent-sc-9nsasl-1 clGIEO"
        data={
          Object {
            "currency": "THB",
            "id": 2,
            "image": "habitat-for-humanity-thailand.jpg",
            "name": "Habitat for Humanity Thailand",
            "totalAmount": 0,
          }
        }
      >
        <div
          className="Image__ImageComponent-sc-1qzvlhi-0 gWwkMF"
          height={200}
        />
        <div
          className="Card__CardContent-sc-9nsasl-2 fjlMIc"
          data={
            Object {
              "currency": "THB",
              "id": 2,
              "image": "habitat-for-humanity-thailand.jpg",
              "name": "Habitat for Humanity Thailand",
              "totalAmount": 0,
            }
          }
        >
          <div
            className="Row__RowComponent-sc-6b1omn-0 dPagVA"
          >
            <div
              className="Text__TextComponent-sc-1bxt3zu-0 bcXjgf"
            >
              Habitat for Humanity Thailand
            </div>
          </div>
        </div>
      </div>
    </div>
  </div>,
  <div
    className="Row__RowComponent-sc-6b1omn-0 lmGZdT"
  >
    <div
      className="Card__CardWrapper-sc-9nsasl-0 boSWwI"
      data={
        Object {
          "currency": "THB",
          "id": 3,
          "image": "paper-ranger.jpg",
          "name": "Paper Ranger",
          "totalAmount": 0,
        }
      }
    >
      <div
        className="Card__CardComponent-sc-9nsasl-1 clGIEO"
        data={
          Object {
            "currency": "THB",
            "id": 3,
            "image": "paper-ranger.jpg",
            "name": "Paper Ranger",
            "totalAmount": 0,
          }
        }
      >
        <div
          className="Image__ImageComponent-sc-1qzvlhi-0 YzeXq"
          height={200}
        />
        <div
          className="Card__CardContent-sc-9nsasl-2 fjlMIc"
          data={
            Object {
              "currency": "THB",
              "id": 3,
              "image": "paper-ranger.jpg",
              "name": "Paper Ranger",
              "totalAmount": 0,
            }
          }
        >
          <div
            className="Row__RowComponent-sc-6b1omn-0 dPagVA"
          >
            <div
              className="Text__TextComponent-sc-1bxt3zu-0 bcXjgf"
            >
              Paper Ranger
            </div>
          </div>
        </div>
      </div>
    </div>
    <div
      className="Card__CardWrapper-sc-9nsasl-0 boSWwI"
      data={
        Object {
          "currency": "THB",
          "id": 4,
          "image": "makhampom-theater.jpg",
          "name": "Makhampom Theater",
          "totalAmount": 0,
        }
      }
    >
      <div
        className="Card__CardComponent-sc-9nsasl-1 clGIEO"
        data={
          Object {
            "currency": "THB",
            "id": 4,
            "image": "makhampom-theater.jpg",
            "name": "Makhampom Theater",
            "totalAmount": 0,
          }
        }
      >
        <div
          className="Image__ImageComponent-sc-1qzvlhi-0 AHCjy"
          height={200}
        />
        <div
          className="Card__CardContent-sc-9nsasl-2 fjlMIc"
          data={
            Object {
              "currency": "THB",
              "id": 4,
              "image": "makhampom-theater.jpg",
              "name": "Makhampom Theater",
              "totalAmount": 0,
            }
          }
        >
          <div
            className="Row__RowComponent-sc-6b1omn-0 dPagVA"
          >
            <div
              className="Text__TextComponent-sc-1bxt3zu-0 bcXjgf"
            >
              Makhampom Theater
            </div>
          </div>
        </div>
      </div>
    </div>
  </div>,
  <div
    className="Row__RowComponent-sc-6b1omn-0 lmGZdT"
  >
    <div
      className="Card__CardWrapper-sc-9nsasl-0 boSWwI"
      data={
        Object {
          "currency": "THB",
          "id": 5,
          "image": "thailand-association-of-the-blind.jpg",
          "name": "Thailand Association of the Blind",
          "totalAmount": 0,
        }
      }
    >
      <div
        className="Card__CardComponent-sc-9nsasl-1 clGIEO"
        data={
          Object {
            "currency": "THB",
            "id": 5,
            "image": "thailand-association-of-the-blind.jpg",
            "name": "Thailand Association of the Blind",
            "totalAmount": 0,
          }
        }
      >
        <div
          className="Image__ImageComponent-sc-1qzvlhi-0 fBWYcC"
          height={200}
        />
        <div
          className="Card__CardContent-sc-9nsasl-2 fjlMIc"
          data={
            Object {
              "currency": "THB",
              "id": 5,
              "image": "thailand-association-of-the-blind.jpg",
              "name": "Thailand Association of the Blind",
              "totalAmount": 0,
            }
          }
        >
          <div
            className="Row__RowComponent-sc-6b1omn-0 dPagVA"
          >
            <div
              className="Text__TextComponent-sc-1bxt3zu-0 bcXjgf"
            >
              Thailand Association of the Blind
            </div>
          </div>
        </div>
      </div>
    </div>
  </div>,
]
`;
